// Jest Snapshot v1, https://goo.gl/fbAQLP

exports[`hookScript should match snapshot (OS X/Linux) 1`] = `
"#!/bin/sh
# husky
# v1.0.0-rc.7 darwin

node_modules/run-node/run-node node_modules/husky/lib/runner/bin \`basename \\"$0\\"\` \\"$*\\"
"
`;

exports[`hookScript should match snapshot (Windows) 1`] = `
"#!/bin/sh
# husky
# v1.0.0-rc.7 win32

node node_modules/husky/lib/runner/bin \`basename \\"$0\\"\` \\"$*\\"
"
`;
